// Jest Snapshot v1, https://goo.gl/fbAQLP

exports[`In survey   Questions renders correctly 1`] = `
<div>
  <div
    className="wrapper wrapper-content animated fadeInDown"
  >
    <div
      className="row"
    >
      <div
        className="col-lg-8 col-lg-offset-2 survey_name"
      >
        Are you ready for question 1 ?
      </div>
    </div>
    <div
      className="row"
    >
      <div
        className="col-lg-8 col-lg-offset-2 questions ibox float-e-margins"
      >
        <div
          className="ibox-title"
        >
          <h3>
            Are you ready for question 1 ?
          </h3>
          <div
            className="progress progress-bar-default"
          >
            <div
              aria-valuemin="0"
              className="progress-bar"
              role="progressbar"
              style={
                Object {
                  "width": "50%",
                }
              }
            >
              <span
                className="sr-only"
              >
                2 / 4
                 
                Complete
              </span>
            </div>
          </div>
        </div>
        <div
          className="ibox-content"
        >
          <div>
            <div
              className="rt_text"
            >
              Molestiae ullam ipsa eligendi. Explicabo inventore aliquid laboriosam sit voluptatum voluptatem beatae incidunt. Soluta qui accusamus officiis nihil suscipit sed velit.
            </div>
            <NumberList
              max={5}
              max_text="I'm melting!!!"
              min={0}
              min_text="Not that hot!"
              name={1}
              name_of_rt={1}
              radioReturn={[Function]}
              step={1}
            />
          </div>
          <div>
            <div
              className="rt_text"
            >
              Itaque quis tempora ad. Consectetur magni magnam tempora. Atque alias sint similique commodi dolorem. Itaque voluptatem rerum placeat assumenda suscipit veniam omnis facere.
            </div>
            <NumberList
              max={5}
              max_text="Hotdog!"
              min={0}
              min_text="Ingetata"
              name={2}
              name_of_rt={2}
              radioReturn={[Function]}
              step={1}
            />
          </div>
          <div
            className="textarea-header"
          >
            You can add some mentions here
          </div>
          <textarea
            onChange={[Function]}
            placeholder="Type some text here"
          />
          <button
            className="btn btn-sm btn-primary m-t-n-xs btn-right"
            onClick={[Function]}
          >
            Next
          </button>
        </div>
      </div>
    </div>
  </div>
</div>
`;
